// Jest Snapshot v1, https://goo.gl/fbAQLP

exports[`index.html has only those accessibility violations present in snapshot 1`] = `
[
  {
    "rule": "aria-roles",
    "targets": [
      [
        "span[role="invalid"]",
      ],
    ],
  },
  {
    "rule": "color-contrast",
    "targets": [
      [
        "li:nth-child(2) > span",
      ],
    ],
  },
  {
    "rule": "label",
    "targets": [
      [
        "input",
      ],
    ],
  },
]
`;
