// Jest Snapshot v1, https://goo.gl/fbAQLP

exports[`index.html passes accessibility checks 1`] = `
Array [
  Object {
    "id": "aria-roles",
    "targets": Array [
      Array [
        "span[role=\\"invalid\\"]",
      ],
    ],
  },
  Object {
    "id": "color-contrast",
    "targets": Array [
      Array [
        "li:nth-child(2) > span",
      ],
    ],
  },
  Object {
    "id": "label",
    "targets": Array [
      Array [
        "input",
      ],
    ],
  },
]
`;
